// Jest Snapshot v1, https://goo.gl/fbAQLP

exports[`AccountSection component renders correctly 1`] = `<AccountSection />`;
